This commands overwrites the configuration file parameters with user input.
The only allowed attributes are access_key, secret_key, default_organization_id, default_region, default_zone, api_url, insecure

USAGE:
  scw config set [arg=value ...]

EXAMPLES:
  Update the default organization ID
    scw config set default_organization_id 12903058-d0e8-4366-89c3-6e666abe1f6f

  Update the default region of the profile 'prod'
    scw config set prod.default_region nl-ams

ARGS:
  [access-key]                A Scaleway access key
  [secret-key]                A Scaleway secret key
  [api-url]                   The Scaleway api url
  [insecure]                  Set to true to allow insecure https connection
  [default-organization-id]   A Scaleway organization id
  [default-region]            A Scaleway region (fr-par-1 | fr-par-2 | nl-ams-1)
  [default-zone]              A Scaleway zone (fr-par-1 | fr-par-2 | nl-ams-1)
  [send-telemetry]            Set to false to disable telemetry

FLAGS:
  -h, --help   help for set

GLOBAL FLAGS:
  -D, --debug            Enable debug mode
  -o, --output string    Output format: json or human
  -p, --profile string   The config profile to use

SEE ALSO:
  # Config management help
  scw config --help
