Allows the deletion of a profile from the config file

