âœ… Successfully set access_key to mock-access-key.
