Removing login credentials for rg.fr-par.scw.cloud
