Start a one hour running for the given human.

USAGE:
  scw [global-flags] test human run [flags] [args]

EXAMPLES:
  Create a human and make it run
    scw test human create
    scw test human run human-id=xxxxx

ARGS:
  [human-id]   

FLAGS:
  -h, --help   help for run

GLOBAL FLAGS:
      --access-key string        Scaleway access key
  -D, --debug                    Enable debug mode
      --organization-id string   Scaleway organization ID
  -o, --output PrinterType       Output format: json or human
  -p, --profile string           The config profile to use
  -r, --region string            The Scaleway region
      --secret-key string        Scaleway secret key
  -z, --zone string              The Scaleway zone
